// Jest Snapshot v1, https://goo.gl/fbAQLP

exports[`Should render NotFoundPage correctly 1`] = `
<div>
  404 caraio - 
  <Link
    replace={false}
    to="/"
  >
    preula
  </Link>
</div>
`;
